// Jest Snapshot v1, https://goo.gl/fbAQLP

exports[`Carousel component returns to match snapshot 1`] = `ShallowWrapper {}`;
